<?xml version="1.0" encoding="UTF-8"?>
<testsuites name="jest tests" tests="1" failures="0" errors="0" time="0.211">
  <testsuite name="Test" errors="0" failures="0" skipped="0" timestamp="2025-07-20T09:07:49" time="0.164" tests="1">
    <testcase classname="Test test" name="Test test" time="0.004">
    </testcase>
  </testsuite>
</testsuites>